#2026 05 08 08:55:59.343#Z#DEBUG#a05cc58a-4abb-11f1-b3e9-eeee0a988dc4.travel_expense_app-srv#flowable-async-job-executor-thread-2490#
[PollStartAppStatusExecution] 1e9a20a1-f0d4-47be-8c16-07c93e1a57bb [2026-05-08T08:46:33.449951] Cell 77283d80-dfa7-40ba-ba4e-265aef112085 successfully destroyed container for instance a89c0a73-f19b-4b8a-5f33-c47a (STDOUT, CELL)#
#2026 05 08 08:55:59.343#Z#DEBUG#a05cc58a-4abb-11f1-b3e9-eeee0a988dc4.travel_expense_app-srv#flowable-async-job-executor-thread-2490#
[PollStartAppStatusExecution] 1e9a20a1-f0d4-47be-8c16-07c93e1a57bb [2026-05-08T08:55:30.144461] Updated app with guid 1e9a20a1-f0d4-47be-8c16-07c93e1a57bb ({"lifecycle"=>{"data"=>{"buildpacks"=>["nodejs_buildpack"]}, "type"=>"buildpack"}}) (STDOUT, API)#
#2026 05 08 08:55:59.343#Z#DEBUG#a05cc58a-4abb-11f1-b3e9-eeee0a988dc4.travel_expense_app-srv#flowable-async-job-executor-thread-2490#
[PollStartAppStatusExecution] 1e9a20a1-f0d4-47be-8c16-07c93e1a57bb [2026-05-08T08:55:30.254618] Updating process: "web" (STDOUT, API)#
#2026 05 08 08:55:59.343#Z#DEBUG#a05cc58a-4abb-11f1-b3e9-eeee0a988dc4.travel_expense_app-srv#flowable-async-job-executor-thread-2490#
[PollStartAppStatusExecution] 1e9a20a1-f0d4-47be-8c16-07c93e1a57bb [2026-05-08T08:55:50.294500] Stopping app with guid 1e9a20a1-f0d4-47be-8c16-07c93e1a57bb (STDOUT, API)#
#2026 05 08 08:55:59.343#Z#DEBUG#a05cc58a-4abb-11f1-b3e9-eeee0a988dc4.travel_expense_app-srv#flowable-async-job-executor-thread-2490#
[PollStartAppStatusExecution] 1e9a20a1-f0d4-47be-8c16-07c93e1a57bb [2026-05-08T08:55:50.339169] Cell c839c7b1-088e-41af-b9b7-66256aacd457 stopping instance aaed077d-2964-49bd-430d-7cc9 (STDOUT, CELL)#
#2026 05 08 08:55:59.343#Z#DEBUG#a05cc58a-4abb-11f1-b3e9-eeee0a988dc4.travel_expense_app-srv#flowable-async-job-executor-thread-2490#
[PollStartAppStatusExecution] 1e9a20a1-f0d4-47be-8c16-07c93e1a57bb [2026-05-08T08:55:50.595696] Starting app with guid 1e9a20a1-f0d4-47be-8c16-07c93e1a57bb (STDOUT, API)#
#2026 05 08 08:55:59.343#Z#DEBUG#a05cc58a-4abb-11f1-b3e9-eeee0a988dc4.travel_expense_app-srv#flowable-async-job-executor-thread-2490#
[PollStartAppStatusExecution] 1e9a20a1-f0d4-47be-8c16-07c93e1a57bb [2026-05-08T08:55:50.796256] Cell d1cc041a-d5a1-41d6-b9f6-6cda736ce3f0 creating container for instance 87e31ed5-6aa8-4a9a-45d5-be28 (STDOUT, CELL)#
#2026 05 08 08:55:59.343#Z#DEBUG#a05cc58a-4abb-11f1-b3e9-eeee0a988dc4.travel_expense_app-srv#flowable-async-job-executor-thread-2490#
[PollStartAppStatusExecution] 1e9a20a1-f0d4-47be-8c16-07c93e1a57bb [2026-05-08T08:55:52.070287] Security group rules were updated (STDOUT, CELL)#
#2026 05 08 08:55:59.343#Z#DEBUG#a05cc58a-4abb-11f1-b3e9-eeee0a988dc4.travel_expense_app-srv#flowable-async-job-executor-thread-2490#
[PollStartAppStatusExecution] 1e9a20a1-f0d4-47be-8c16-07c93e1a57bb [2026-05-08T08:55:52.211932] Cell d1cc041a-d5a1-41d6-b9f6-6cda736ce3f0 successfully created container for instance 87e31ed5-6aa8-4a9a-45d5-be28 (STDOUT, CELL)#
#2026 05 08 08:55:59.343#Z#DEBUG#a05cc58a-4abb-11f1-b3e9-eeee0a988dc4.travel_expense_app-srv#flowable-async-job-executor-thread-2490#
[PollStartAppStatusExecution] 1e9a20a1-f0d4-47be-8c16-07c93e1a57bb [2026-05-08T08:55:53.131700] Downloading droplet... (STDOUT, CELL)#
#2026 05 08 08:55:59.343#Z#DEBUG#a05cc58a-4abb-11f1-b3e9-eeee0a988dc4.travel_expense_app-srv#flowable-async-job-executor-thread-2490#
[PollStartAppStatusExecution] 1e9a20a1-f0d4-47be-8c16-07c93e1a57bb [2026-05-08T08:55:57.812829] Downloaded droplet (67.9M) (STDOUT, CELL)#
#2026 05 08 08:55:59.343#Z#DEBUG#a05cc58a-4abb-11f1-b3e9-eeee0a988dc4.travel_expense_app-srv#flowable-async-job-executor-thread-2490#
[PollStartAppStatusExecution] 1e9a20a1-f0d4-47be-8c16-07c93e1a57bb [2026-05-08T08:55:57.812972] Starting health monitoring of container (STDOUT, CELL)#
#2026 05 08 08:55:59.343#Z#DEBUG#a05cc58a-4abb-11f1-b3e9-eeee0a988dc4.travel_expense_app-srv#flowable-async-job-executor-thread-2490#
[PollStartAppStatusExecution] 1e9a20a1-f0d4-47be-8c16-07c93e1a57bb [2026-05-08T08:55:57.984657] Invoking pre-start scripts. (STDOUT, APP/PROC/WEB)#
#2026 05 08 08:55:59.343#Z#DEBUG#a05cc58a-4abb-11f1-b3e9-eeee0a988dc4.travel_expense_app-srv#flowable-async-job-executor-thread-2490#
[PollStartAppStatusExecution] 1e9a20a1-f0d4-47be-8c16-07c93e1a57bb [2026-05-08T08:55:58.269120] Invoking start command. (STDOUT, APP/PROC/WEB)#
#2026 05 08 08:55:59.343#Z#DEBUG#a05cc58a-4abb-11f1-b3e9-eeee0a988dc4.travel_expense_app-srv#flowable-async-job-executor-thread-2490#
[PollStartAppStatusExecution] 1e9a20a1-f0d4-47be-8c16-07c93e1a57bb [2026-05-08T08:55:58.870981] > travel_expense_app@1.0.0 start (STDOUT, APP/PROC/WEB)#
#2026 05 08 08:55:59.343#Z#DEBUG#a05cc58a-4abb-11f1-b3e9-eeee0a988dc4.travel_expense_app-srv#flowable-async-job-executor-thread-2490#
[PollStartAppStatusExecution] 1e9a20a1-f0d4-47be-8c16-07c93e1a57bb [2026-05-08T08:55:58.871012] > cds-serve (STDOUT, APP/PROC/WEB)#
#2026 05 08 08:56:09.051#Z#DEBUG#a05cc58a-4abb-11f1-b3e9-eeee0a988dc4.travel_expense_app-srv#flowable-async-job-executor-thread-2496#
[PollStartAppStatusExecution] 1e9a20a1-f0d4-47be-8c16-07c93e1a57bb [2026-05-08T08:55:59.327599] {"level":"info","logger":"cds","timestamp":"2026-05-08T08:55:59.326Z","layer":"cds","component_type":"application","container_id":"10.32.1.5","component_id":"1e9a20a1-f0d4-47be-8c16-07c93e1a57bb","component_name":"travel_expense_app-srv","component_instance":0,"source_instance":0,"organization_name":"bc857718trial","organization_id":"a60e8087-87c3-481b-a9dc-503c803f5b82","space_name":"dev","space_id":"b3040adf-9a0c-491b-b2f3-ae2e732cc19f","msg":"loaded model from 1 file(s):\n ","type":"log"} (STDOUT, APP/PROC/WEB)#
#2026 05 08 08:56:09.051#Z#DEBUG#a05cc58a-4abb-11f1-b3e9-eeee0a988dc4.travel_expense_app-srv#flowable-async-job-executor-thread-2496#
[PollStartAppStatusExecution] 1e9a20a1-f0d4-47be-8c16-07c93e1a57bb [2026-05-08T08:55:59.328110] srv/csn.json (STDOUT, APP/PROC/WEB)#
#2026 05 08 08:56:09.051#Z#DEBUG#a05cc58a-4abb-11f1-b3e9-eeee0a988dc4.travel_expense_app-srv#flowable-async-job-executor-thread-2496#
[PollStartAppStatusExecution] 1e9a20a1-f0d4-47be-8c16-07c93e1a57bb [2026-05-08T08:55:59.707076] {"level":"info","logger":"cds","timestamp":"2026-05-08T08:55:59.706Z","layer":"cds","component_type":"application","container_id":"10.32.1.5","component_id":"1e9a20a1-f0d4-47be-8c16-07c93e1a57bb","component_name":"travel_expense_app-srv","component_instance":0,"source_instance":0,"organization_name":"bc857718trial","organization_id":"a60e8087-87c3-481b-a9dc-503c803f5b82","space_name":"dev","space_id":"b3040adf-9a0c-491b-b2f3-ae2e732cc19f","msg":"connect to db > hana {\n  database_id: '101f8dce-9d67-4cfa-946c-1a4c524b0cdd',\n  host: '101f8dce-9d67-4cfa-946c-1a4c524b0cdd.hna1.prod-us10.hanacloud.ondemand.com',\n  port: '443',\n  driver: 'com.sap.db.jdbc.Driver',\n  url: 'jdbc:sap://101f8dce-9d67-4cfa-946c-1a4c524b0cdd.hna1.prod-us10.hanacloud.ondemand.com:443?encrypt=true&validateCertificate=true&currentschema=C0414F69880D4C26ACA53E36AB359962',\n  schema: 'C0414F69880D4C26ACA53E36AB359962',\n  certificate: '...',\n  hdi_user: 'C0414F69880D4C26ACA53E36AB359962_4GR7LF2M71Z4QX84II4BYHIWG_DT',\n  hdi_password: '...',\n  user: 'C0414F69880D4C26ACA53E36AB359962_4GR7LF2M71Z4QX84II4BYHIWG_RT',\n  password: '...'\n}","type":"log"} (STDOUT, APP/PROC/WEB)#
#2026 05 08 08:56:09.051#Z#DEBUG#a05cc58a-4abb-11f1-b3e9-eeee0a988dc4.travel_expense_app-srv#flowable-async-job-executor-thread-2496#
[PollStartAppStatusExecution] 1e9a20a1-f0d4-47be-8c16-07c93e1a57bb [2026-05-08T08:55:59.717574] {"level":"warn","logger":"cds","timestamp":"2026-05-08T08:55:59.716Z","layer":"cds","component_type":"application","container_id":"10.32.1.5","component_id":"1e9a20a1-f0d4-47be-8c16-07c93e1a57bb","component_name":"travel_expense_app-srv","component_instance":0,"source_instance":0,"organization_name":"bc857718trial","organization_id":"a60e8087-87c3-481b-a9dc-503c803f5b82","space_name":"dev","space_id":"b3040adf-9a0c-491b-b2f3-ae2e732cc19f","msg":"WARNING: custom action 'reject()' conflicts with method in base class.\n\n      Cannot add typed method for custom action 'reject' to service impl of 'Travel_Expense_Service',\n      as this would shadow equally named method in service base class 'ApplicationService'.\n      Consider choosing a different name for your custom action.\n      Learn more at https://cap.cloud.sap/docs/guides/providing-services#actions-and-functions.\n    ","type":"log"} (STDERR, APP/PROC/WEB)#
#2026 05 08 08:56:09.051#Z#DEBUG#a05cc58a-4abb-11f1-b3e9-eeee0a988dc4.travel_expense_app-srv#flowable-async-job-executor-thread-2496#
[PollStartAppStatusExecution] 1e9a20a1-f0d4-47be-8c16-07c93e1a57bb [2026-05-08T08:55:59.751335] {"level":"info","logger":"cds","timestamp":"2026-05-08T08:55:59.750Z","layer":"cds","component_type":"application","container_id":"10.32.1.5","component_id":"1e9a20a1-f0d4-47be-8c16-07c93e1a57bb","component_name":"travel_expense_app-srv","component_instance":0,"source_instance":0,"organization_name":"bc857718trial","organization_id":"a60e8087-87c3-481b-a9dc-503c803f5b82","space_name":"dev","space_id":"b3040adf-9a0c-491b-b2f3-ae2e732cc19f","msg":"using auth strategy { kind: 'dummy' }","type":"log"} (STDOUT, APP/PROC/WEB)#
#2026 05 08 08:56:09.051#Z#DEBUG#a05cc58a-4abb-11f1-b3e9-eeee0a988dc4.travel_expense_app-srv#flowable-async-job-executor-thread-2496#
[PollStartAppStatusExecution] 1e9a20a1-f0d4-47be-8c16-07c93e1a57bb [2026-05-08T08:55:59.794612] {"level":"info","logger":"cds","timestamp":"2026-05-08T08:55:59.794Z","layer":"cds","component_type":"application","container_id":"10.32.1.5","component_id":"1e9a20a1-f0d4-47be-8c16-07c93e1a57bb","component_name":"travel_expense_app-srv","component_instance":0,"source_instance":0,"organization_name":"bc857718trial","organization_id":"a60e8087-87c3-481b-a9dc-503c803f5b82","space_name":"dev","space_id":"b3040adf-9a0c-491b-b2f3-ae2e732cc19f","msg":"serving Travel_Expense_Service {\n  at: [ '/odata/v4/travel-expense-' ],\n  decl: 'srv/csn.json:567',\n  impl: 'srv/service.js'\n}","type":"log"} (STDOUT, APP/PROC/WEB)#
#2026 05 08 08:56:09.051#Z#DEBUG#a05cc58a-4abb-11f1-b3e9-eeee0a988dc4.travel_expense_app-srv#flowable-async-job-executor-thread-2496#
[PollStartAppStatusExecution] 1e9a20a1-f0d4-47be-8c16-07c93e1a57bb [2026-05-08T08:55:59.800200] {"level":"info","logger":"cds","timestamp":"2026-05-08T08:55:59.799Z","layer":"cds","component_type":"application","container_id":"10.32.1.5","component_id":"1e9a20a1-f0d4-47be-8c16-07c93e1a57bb","component_name":"travel_expense_app-srv","component_instance":0,"source_instance":0,"organization_name":"bc857718trial","organization_id":"a60e8087-87c3-481b-a9dc-503c803f5b82","space_name":"dev","space_id":"b3040adf-9a0c-491b-b2f3-ae2e732cc19f","msg":"server listening on { url: 'http://localhost:8080' }","type":"log"} (STDOUT, APP/PROC/WEB)#
#2026 05 08 08:56:09.051#Z#DEBUG#a05cc58a-4abb-11f1-b3e9-eeee0a988dc4.travel_expense_app-srv#flowable-async-job-executor-thread-2496#
[PollStartAppStatusExecution] 1e9a20a1-f0d4-47be-8c16-07c93e1a57bb [2026-05-08T08:55:59.802741] {"level":"info","logger":"cds","timestamp":"2026-05-08T08:55:59.802Z","layer":"cds","component_type":"application","container_id":"10.32.1.5","component_id":"1e9a20a1-f0d4-47be-8c16-07c93e1a57bb","component_name":"travel_expense_app-srv","component_instance":0,"source_instance":0,"organization_name":"bc857718trial","organization_id":"a60e8087-87c3-481b-a9dc-503c803f5b82","space_name":"dev","space_id":"b3040adf-9a0c-491b-b2f3-ae2e732cc19f","msg":"server v9.9.1 launched in 912 ms","type":"log"} (STDOUT, APP/PROC/WEB)#
#2026 05 08 08:56:09.051#Z#DEBUG#a05cc58a-4abb-11f1-b3e9-eeee0a988dc4.travel_expense_app-srv#flowable-async-job-executor-thread-2496#
[PollStartAppStatusExecution] 1e9a20a1-f0d4-47be-8c16-07c93e1a57bb [2026-05-08T08:56:01.370510] Container became healthy (STDOUT, CELL)#
#2026 05 08 08:56:09.051#Z#DEBUG#a05cc58a-4abb-11f1-b3e9-eeee0a988dc4.travel_expense_app-srv#flowable-async-job-executor-thread-2496#
[PollStartAppStatusExecution] 1e9a20a1-f0d4-47be-8c16-07c93e1a57bb [2026-05-08T08:56:01.402230] Process became ready with guid 1e9a20a1-f0d4-47be-8c16-07c93e1a57bb payload: {"instance"=>"87e31ed5-6aa8-4a9a-45d5-be28", "index"=>0, "cell_id"=>"d1cc041a-d5a1-41d6-b9f6-6cda736ce3f0", "ready"=>true, "version"=>"2c3ea347-1cee-40b8-9850-d7af4e52133b"} (STDOUT, API)#
